<Map>
<L>5</L><W>5</W><N>5x5</N>
<Tile0/0><X>0</X><Y>0</Y><Z>12</Z><Z2>0</Z2><Tx>Grass</Tx><Ty>Walkable</Ty><Dc>None</Dc></Tile0/0>
<Tile0/1><X>0</X><Y>1</Y><Z>10</Z><Z2>0</Z2><Tx>Grass</Tx><Ty>Walkable</Ty><Dc>None</Dc></Tile0/1>
<Tile0/2><X>0</X><Y>2</Y><Z>13</Z><Z2>0</Z2><Tx>Sand</Tx><Ty>Walkable</Ty><Dc>None</Dc></Tile0/2>
<Tile0/3><X>0</X><Y>3</Y><Z>10</Z><Z2>0</Z2><Tx>Grass</Tx><Ty>Walkable</Ty><Dc>None</Dc></Tile0/3>
<Tile0/4><X>0</X><Y>4</Y><Z>12</Z><Z2>0</Z2><Tx>Grass</Tx><Ty>Walkable</Ty><Dc>None</Dc></Tile0/4>
<Tile1/0><X>1</X><Y>0</Y><Z>10</Z><Z2>0</Z2><Tx>Grass</Tx><Ty>Walkable</Ty><Dc>None</Dc></Tile1/0>
<Tile1/1><X>1</X><Y>1</Y><Z>15</Z><Z2>0</Z2><Tx>Earth</Tx><Ty>Walkable</Ty><Dc>None</Dc></Tile1/1>
<Tile1/2><X>1</X><Y>2</Y><Z>10</Z><Z2>0</Z2><Tx>Grass</Tx><Ty>Walkable</Ty><Dc>None</Dc></Tile1/2>
<Tile1/3><X>1</X><Y>3</Y><Z>20</Z><Z2>0</Z2><Tx>Stone</Tx><Ty>Walkable</Ty><Dc>None</Dc></Tile1/3>
<Tile1/4><X>1</X><Y>4</Y><Z>10</Z><Z2>0</Z2><Tx>Grass</Tx><Ty>Walkable</Ty><Dc>None</Dc></Tile1/4>
<Tile2/0><X>2</X><Y>0</Y><Z>13</Z><Z2>0</Z2><Tx>Sand</Tx><Ty>Walkable</Ty><Dc>None</Dc></Tile2/0>
<Tile2/1><X>2</X><Y>1</Y><Z>10</Z><Z2>0</Z2><Tx>Grass</Tx><Ty>Walkable</Ty><Dc>None</Dc></Tile2/1>
<Tile2/2><X>2</X><Y>2</Y><Z>30</Z><Z2>0</Z2><Tx>Sand</Tx><Ty>Walkable</Ty><Dc>None</Dc></Tile2/2>
<Tile2/3><X>2</X><Y>3</Y><Z>10</Z><Z2>0</Z2><Tx>Grass</Tx><Ty>Walkable</Ty><Dc>None</Dc></Tile2/3>
<Tile2/4><X>2</X><Y>4</Y><Z>13</Z><Z2>0</Z2><Tx>Sand</Tx><Ty>Walkable</Ty><Dc>None</Dc></Tile2/4>
<Tile3/0><X>3</X><Y>0</Y><Z>10</Z><Z2>0</Z2><Tx>Grass</Tx><Ty>Walkable</Ty><Dc>None</Dc></Tile3/0>
<Tile3/1><X>3</X><Y>1</Y><Z>15</Z><Z2>0</Z2><Tx>Earth</Tx><Ty>Walkable</Ty><Dc>None</Dc></Tile3/1>
<Tile3/2><X>3</X><Y>2</Y><Z>10</Z><Z2>0</Z2><Tx>Grass</Tx><Ty>Walkable</Ty><Dc>None</Dc></Tile3/2>
<Tile3/3><X>3</X><Y>3</Y><Z>20</Z><Z2>0</Z2><Tx>Stone</Tx><Ty>Walkable</Ty><Dc>None</Dc></Tile3/3>
<Tile3/4><X>3</X><Y>4</Y><Z>10</Z><Z2>0</Z2><Tx>Grass</Tx><Ty>Walkable</Ty><Dc>None</Dc></Tile3/4>
<Tile4/0><X>4</X><Y>0</Y><Z>12</Z><Z2>0</Z2><Tx>Grass</Tx><Ty>Walkable</Ty><Dc>None</Dc></Tile4/0>
<Tile4/1><X>4</X><Y>1</Y><Z>10</Z><Z2>0</Z2><Tx>Grass</Tx><Ty>Walkable</Ty><Dc>None</Dc></Tile4/1>
<Tile4/2><X>4</X><Y>2</Y><Z>13</Z><Z2>0</Z2><Tx>Sand</Tx><Ty>Walkable</Ty><Dc>None</Dc></Tile4/2>
<Tile4/3><X>4</X><Y>3</Y><Z>10</Z><Z2>0</Z2><Tx>Grass</Tx><Ty>Walkable</Ty><Dc>None</Dc></Tile4/3>
<Tile4/4><X>4</X><Y>4</Y><Z>12</Z><Z2>0</Z2><Tx>Grass</Tx><Ty>Walkable</Ty><Dc>None</Dc></Tile4/4>
</Map>