<Map>
<L>15</L><W>10</W><N>Test1</N>
<Tile0/0><X>0</X><Y>0</Y><Z>10</Z><Z2>0</Z2><Tx>Grass</Tx><Ty>Walkable</Ty><Dc>None</Dc><DZ>0</DZ></Tile0/0>
<Tile0/1><X>0</X><Y>1</Y><Z>10</Z><Z2>0</Z2><Tx>Grass</Tx><Ty>Walkable</Ty><Dc>None</Dc><DZ>0</DZ></Tile0/1>
<Tile0/2><X>0</X><Y>2</Y><Z>10</Z><Z2>0</Z2><Tx>Grass</Tx><Ty>Walkable</Ty><Dc>None</Dc><DZ>0</DZ></Tile0/2>
<Tile0/3><X>0</X><Y>3</Y><Z>10</Z><Z2>0</Z2><Tx>Grass</Tx><Ty>Walkable</Ty><Dc>None</Dc><DZ>0</DZ></Tile0/3>
<Tile0/4><X>0</X><Y>4</Y><Z>10</Z><Z2>0</Z2><Tx>Grass</Tx><Ty>Walkable</Ty><Dc>None</Dc><DZ>0</DZ></Tile0/4>
<Tile0/5><X>0</X><Y>5</Y><Z>10</Z><Z2>0</Z2><Tx>Grass</Tx><Ty>Walkable</Ty><Dc>None</Dc><DZ>0</DZ></Tile0/5>
<Tile0/6><X>0</X><Y>6</Y><Z>10</Z><Z2>0</Z2><Tx>Grass</Tx><Ty>Walkable</Ty><Dc>None</Dc><DZ>0</DZ></Tile0/6>
<Tile0/7><X>0</X><Y>7</Y><Z>10</Z><Z2>0</Z2><Tx>Grass</Tx><Ty>Walkable</Ty><Dc>None</Dc><DZ>0</DZ></Tile0/7>
<Tile0/8><X>0</X><Y>8</Y><Z>10</Z><Z2>0</Z2><Tx>Grass</Tx><Ty>Walkable</Ty><Dc>None</Dc><DZ>0</DZ></Tile0/8>
<Tile0/9><X>0</X><Y>9</Y><Z>10</Z><Z2>0</Z2><Tx>Grass</Tx><Ty>Walkable</Ty><Dc>None</Dc><DZ>0</DZ></Tile0/9>
<Tile1/0><X>1</X><Y>0</Y><Z>10</Z><Z2>0</Z2><Tx>Grass</Tx><Ty>Walkable</Ty><Dc>None</Dc><DZ>0</DZ></Tile1/0>
<Tile1/1><X>1</X><Y>1</Y><Z>14</Z><Z2>0</Z2><Tx>Earth</Tx><Ty>Walkable</Ty><Dc>None</Dc><DZ>0</DZ></Tile1/1>
<Tile1/2><X>1</X><Y>2</Y><Z>14</Z><Z2>0</Z2><Tx>Earth</Tx><Ty>Walkable</Ty><Dc>None</Dc><DZ>0</DZ></Tile1/2>
<Tile1/3><X>1</X><Y>3</Y><Z>14</Z><Z2>0</Z2><Tx>Earth</Tx><Ty>Walkable</Ty><Dc>None</Dc><DZ>0</DZ></Tile1/3>
<Tile1/4><X>1</X><Y>4</Y><Z>14</Z><Z2>0</Z2><Tx>Earth</Tx><Ty>Walkable</Ty><Dc>None</Dc><DZ>0</DZ></Tile1/4>
<Tile1/5><X>1</X><Y>5</Y><Z>14</Z><Z2>0</Z2><Tx>Earth</Tx><Ty>Walkable</Ty><Dc>None</Dc><DZ>0</DZ></Tile1/5>
<Tile1/6><X>1</X><Y>6</Y><Z>14</Z><Z2>0</Z2><Tx>Earth</Tx><Ty>Walkable</Ty><Dc>None</Dc><DZ>0</DZ></Tile1/6>
<Tile1/7><X>1</X><Y>7</Y><Z>14</Z><Z2>0</Z2><Tx>Earth</Tx><Ty>Walkable</Ty><Dc>None</Dc><DZ>0</DZ></Tile1/7>
<Tile1/8><X>1</X><Y>8</Y><Z>10</Z><Z2>0</Z2><Tx>Grass</Tx><Ty>Walkable</Ty><Dc>None</Dc><DZ>0</DZ></Tile1/8>
<Tile1/9><X>1</X><Y>9</Y><Z>10</Z><Z2>0</Z2><Tx>Grass</Tx><Ty>Walkable</Ty><Dc>None</Dc><DZ>0</DZ></Tile1/9>
<Tile2/0><X>2</X><Y>0</Y><Z>10</Z><Z2>0</Z2><Tx>Grass</Tx><Ty>Walkable</Ty><Dc>None</Dc><DZ>0</DZ></Tile2/0>
<Tile2/1><X>2</X><Y>1</Y><Z>14</Z><Z2>0</Z2><Tx>Earth</Tx><Ty>Walkable</Ty><Dc>None</Dc><DZ>0</DZ></Tile2/1>
<Tile2/2><X>2</X><Y>2</Y><Z>10</Z><Z2>0</Z2><Tx>Grass</Tx><Ty>Walkable</Ty><Dc>None</Dc><DZ>0</DZ></Tile2/2>
<Tile2/3><X>2</X><Y>3</Y><Z>10</Z><Z2>0</Z2><Tx>Grass</Tx><Ty>Walkable</Ty><Dc>None</Dc><DZ>0</DZ></Tile2/3>
<Tile2/4><X>2</X><Y>4</Y><Z>10</Z><Z2>0</Z2><Tx>Grass</Tx><Ty>Walkable</Ty><Dc>None</Dc><DZ>0</DZ></Tile2/4>
<Tile2/5><X>2</X><Y>5</Y><Z>10</Z><Z2>0</Z2><Tx>Grass</Tx><Ty>Walkable</Ty><Dc>None</Dc><DZ>0</DZ></Tile2/5>
<Tile2/6><X>2</X><Y>6</Y><Z>10</Z><Z2>0</Z2><Tx>Grass</Tx><Ty>Walkable</Ty><Dc>None</Dc><DZ>0</DZ></Tile2/6>
<Tile2/7><X>2</X><Y>7</Y><Z>10</Z><Z2>0</Z2><Tx>Grass</Tx><Ty>Walkable</Ty><Dc>None</Dc><DZ>0</DZ></Tile2/7>
<Tile2/8><X>2</X><Y>8</Y><Z>10</Z><Z2>0</Z2><Tx>Grass</Tx><Ty>Walkable</Ty><Dc>None</Dc><DZ>0</DZ></Tile2/8>
<Tile2/9><X>2</X><Y>9</Y><Z>10</Z><Z2>0</Z2><Tx>Grass</Tx><Ty>Walkable</Ty><Dc>None</Dc><DZ>0</DZ></Tile2/9>
<Tile3/0><X>3</X><Y>0</Y><Z>10</Z><Z2>0</Z2><Tx>Grass</Tx><Ty>Walkable</Ty><Dc>None</Dc><DZ>0</DZ></Tile3/0>
<Tile3/1><X>3</X><Y>1</Y><Z>14</Z><Z2>0</Z2><Tx>Earth</Tx><Ty>Walkable</Ty><Dc>None</Dc><DZ>0</DZ></Tile3/1>
<Tile3/2><X>3</X><Y>2</Y><Z>10</Z><Z2>0</Z2><Tx>Grass</Tx><Ty>Walkable</Ty><Dc>None</Dc><DZ>0</DZ></Tile3/2>
<Tile3/3><X>3</X><Y>3</Y><Z>10</Z><Z2>0</Z2><Tx>Grass</Tx><Ty>Walkable</Ty><Dc>None</Dc><DZ>0</DZ></Tile3/3>
<Tile3/4><X>3</X><Y>4</Y><Z>10</Z><Z2>0</Z2><Tx>Grass</Tx><Ty>Walkable</Ty><Dc>None</Dc><DZ>0</DZ></Tile3/4>
<Tile3/5><X>3</X><Y>5</Y><Z>10</Z><Z2>0</Z2><Tx>Grass</Tx><Ty>Walkable</Ty><Dc>None</Dc><DZ>0</DZ></Tile3/5>
<Tile3/6><X>3</X><Y>6</Y><Z>10</Z><Z2>0</Z2><Tx>Grass</Tx><Ty>Walkable</Ty><Dc>None</Dc><DZ>0</DZ></Tile3/6>
<Tile3/7><X>3</X><Y>7</Y><Z>10</Z><Z2>0</Z2><Tx>Grass</Tx><Ty>Walkable</Ty><Dc>None</Dc><DZ>0</DZ></Tile3/7>
<Tile3/8><X>3</X><Y>8</Y><Z>10</Z><Z2>0</Z2><Tx>Grass</Tx><Ty>Walkable</Ty><Dc>None</Dc><DZ>0</DZ></Tile3/8>
<Tile3/9><X>3</X><Y>9</Y><Z>10</Z><Z2>0</Z2><Tx>Grass</Tx><Ty>Walkable</Ty><Dc>None</Dc><DZ>0</DZ></Tile3/9>
<Tile4/0><X>4</X><Y>0</Y><Z>10</Z><Z2>0</Z2><Tx>Grass</Tx><Ty>Walkable</Ty><Dc>None</Dc><DZ>0</DZ></Tile4/0>
<Tile4/1><X>4</X><Y>1</Y><Z>14</Z><Z2>0</Z2><Tx>Earth</Tx><Ty>Walkable</Ty><Dc>None</Dc><DZ>0</DZ></Tile4/1>
<Tile4/2><X>4</X><Y>2</Y><Z>10</Z><Z2>0</Z2><Tx>Grass</Tx><Ty>Walkable</Ty><Dc>None</Dc><DZ>0</DZ></Tile4/2>
<Tile4/3><X>4</X><Y>3</Y><Z>10</Z><Z2>0</Z2><Tx>Grass</Tx><Ty>Walkable</Ty><Dc>None</Dc><DZ>0</DZ></Tile4/3>
<Tile4/4><X>4</X><Y>4</Y><Z>10</Z><Z2>0</Z2><Tx>Grass</Tx><Ty>Walkable</Ty><Dc>None</Dc><DZ>0</DZ></Tile4/4>
<Tile4/5><X>4</X><Y>5</Y><Z>10</Z><Z2>0</Z2><Tx>Grass</Tx><Ty>Walkable</Ty><Dc>None</Dc><DZ>0</DZ></Tile4/5>
<Tile4/6><X>4</X><Y>6</Y><Z>10</Z><Z2>0</Z2><Tx>Grass</Tx><Ty>Walkable</Ty><Dc>None</Dc><DZ>0</DZ></Tile4/6>
<Tile4/7><X>4</X><Y>7</Y><Z>10</Z><Z2>0</Z2><Tx>Grass</Tx><Ty>Walkable</Ty><Dc>None</Dc><DZ>0</DZ></Tile4/7>
<Tile4/8><X>4</X><Y>8</Y><Z>10</Z><Z2>0</Z2><Tx>Grass</Tx><Ty>Walkable</Ty><Dc>None</Dc><DZ>0</DZ></Tile4/8>
<Tile4/9><X>4</X><Y>9</Y><Z>10</Z><Z2>0</Z2><Tx>Grass</Tx><Ty>Walkable</Ty><Dc>None</Dc><DZ>0</DZ></Tile4/9>
<Tile5/0><X>5</X><Y>0</Y><Z>10</Z><Z2>0</Z2><Tx>Grass</Tx><Ty>Walkable</Ty><Dc>None</Dc><DZ>0</DZ></Tile5/0>
<Tile5/1><X>5</X><Y>1</Y><Z>10</Z><Z2>0</Z2><Tx>Grass</Tx><Ty>Walkable</Ty><Dc>None</Dc><DZ>0</DZ></Tile5/1>
<Tile5/2><X>5</X><Y>2</Y><Z>10</Z><Z2>0</Z2><Tx>Grass</Tx><Ty>Walkable</Ty><Dc>None</Dc><DZ>0</DZ></Tile5/2>
<Tile5/3><X>5</X><Y>3</Y><Z>10</Z><Z2>0</Z2><Tx>Grass</Tx><Ty>Walkable</Ty><Dc>None</Dc><DZ>0</DZ></Tile5/3>
<Tile5/4><X>5</X><Y>4</Y><Z>10</Z><Z2>0</Z2><Tx>Grass</Tx><Ty>Walkable</Ty><Dc>None</Dc><DZ>0</DZ></Tile5/4>
<Tile5/5><X>5</X><Y>5</Y><Z>10</Z><Z2>0</Z2><Tx>Grass</Tx><Ty>Walkable</Ty><Dc>None</Dc><DZ>0</DZ></Tile5/5>
<Tile5/6><X>5</X><Y>6</Y><Z>10</Z><Z2>0</Z2><Tx>Grass</Tx><Ty>Walkable</Ty><Dc>None</Dc><DZ>0</DZ></Tile5/6>
<Tile5/7><X>5</X><Y>7</Y><Z>10</Z><Z2>0</Z2><Tx>Grass</Tx><Ty>Walkable</Ty><Dc>None</Dc><DZ>0</DZ></Tile5/7>
<Tile5/8><X>5</X><Y>8</Y><Z>10</Z><Z2>0</Z2><Tx>Grass</Tx><Ty>Walkable</Ty><Dc>None</Dc><DZ>0</DZ></Tile5/8>
<Tile5/9><X>5</X><Y>9</Y><Z>10</Z><Z2>0</Z2><Tx>Grass</Tx><Ty>Walkable</Ty><Dc>None</Dc><DZ>0</DZ></Tile5/9>
<Tile6/0><X>6</X><Y>0</Y><Z>10</Z><Z2>0</Z2><Tx>Grass</Tx><Ty>Walkable</Ty><Dc>None</Dc><DZ>0</DZ></Tile6/0>
<Tile6/1><X>6</X><Y>1</Y><Z>12</Z><Z2>0</Z2><Tx>Sand</Tx><Ty>Walkable</Ty><Dc>None</Dc><DZ>0</DZ></Tile6/1>
<Tile6/2><X>6</X><Y>2</Y><Z>12</Z><Z2>0</Z2><Tx>Sand</Tx><Ty>Walkable</Ty><Dc>None</Dc><DZ>0</DZ></Tile6/2>
<Tile6/3><X>6</X><Y>3</Y><Z>12</Z><Z2>0</Z2><Tx>Sand</Tx><Ty>Walkable</Ty><Dc>None</Dc><DZ>0</DZ></Tile6/3>
<Tile6/4><X>6</X><Y>4</Y><Z>12</Z><Z2>0</Z2><Tx>Sand</Tx><Ty>Walkable</Ty><Dc>None</Dc><DZ>0</DZ></Tile6/4>
<Tile6/5><X>6</X><Y>5</Y><Z>12</Z><Z2>0</Z2><Tx>Sand</Tx><Ty>Walkable</Ty><Dc>None</Dc><DZ>0</DZ></Tile6/5>
<Tile6/6><X>6</X><Y>6</Y><Z>10</Z><Z2>0</Z2><Tx>Grass</Tx><Ty>Walkable</Ty><Dc>None</Dc><DZ>0</DZ></Tile6/6>
<Tile6/7><X>6</X><Y>7</Y><Z>10</Z><Z2>0</Z2><Tx>Grass</Tx><Ty>Walkable</Ty><Dc>None</Dc><DZ>0</DZ></Tile6/7>
<Tile6/8><X>6</X><Y>8</Y><Z>10</Z><Z2>0</Z2><Tx>Grass</Tx><Ty>Walkable</Ty><Dc>None</Dc><DZ>0</DZ></Tile6/8>
<Tile6/9><X>6</X><Y>9</Y><Z>10</Z><Z2>0</Z2><Tx>Grass</Tx><Ty>Walkable</Ty><Dc>None</Dc><DZ>0</DZ></Tile6/9>
<Tile7/0><X>7</X><Y>0</Y><Z>10</Z><Z2>0</Z2><Tx>Grass</Tx><Ty>Walkable</Ty><Dc>None</Dc><DZ>0</DZ></Tile7/0>
<Tile7/1><X>7</X><Y>1</Y><Z>12</Z><Z2>0</Z2><Tx>Sand</Tx><Ty>Walkable</Ty><Dc>None</Dc><DZ>0</DZ></Tile7/1>
<Tile7/2><X>7</X><Y>2</Y><Z>13</Z><Z2>0</Z2><Tx>Grass</Tx><Ty>Walkable</Ty><Dc>None</Dc><DZ>0</DZ></Tile7/2>
<Tile7/3><X>7</X><Y>3</Y><Z>13</Z><Z2>0</Z2><Tx>Grass</Tx><Ty>Walkable</Ty><Dc>None</Dc><DZ>0</DZ></Tile7/3>
<Tile7/4><X>7</X><Y>4</Y><Z>13</Z><Z2>0</Z2><Tx>Grass</Tx><Ty>Walkable</Ty><Dc>None</Dc><DZ>0</DZ></Tile7/4>
<Tile7/5><X>7</X><Y>5</Y><Z>12</Z><Z2>0</Z2><Tx>Sand</Tx><Ty>Walkable</Ty><Dc>None</Dc><DZ>0</DZ></Tile7/5>
<Tile7/6><X>7</X><Y>6</Y><Z>10</Z><Z2>0</Z2><Tx>Grass</Tx><Ty>Walkable</Ty><Dc>None</Dc><DZ>0</DZ></Tile7/6>
<Tile7/7><X>7</X><Y>7</Y><Z>10</Z><Z2>0</Z2><Tx>Grass</Tx><Ty>Walkable</Ty><Dc>None</Dc><DZ>0</DZ></Tile7/7>
<Tile7/8><X>7</X><Y>8</Y><Z>10</Z><Z2>0</Z2><Tx>Grass</Tx><Ty>Walkable</Ty><Dc>None</Dc><DZ>0</DZ></Tile7/8>
<Tile7/9><X>7</X><Y>9</Y><Z>10</Z><Z2>0</Z2><Tx>Grass</Tx><Ty>Walkable</Ty><Dc>None</Dc><DZ>0</DZ></Tile7/9>
<Tile8/0><X>8</X><Y>0</Y><Z>10</Z><Z2>0</Z2><Tx>Grass</Tx><Ty>Walkable</Ty><Dc>None</Dc><DZ>0</DZ></Tile8/0>
<Tile8/1><X>8</X><Y>1</Y><Z>12</Z><Z2>0</Z2><Tx>Sand</Tx><Ty>Walkable</Ty><Dc>None</Dc><DZ>0</DZ></Tile8/1>
<Tile8/2><X>8</X><Y>2</Y><Z>13</Z><Z2>0</Z2><Tx>Grass</Tx><Ty>Walkable</Ty><Dc>None</Dc><DZ>0</DZ></Tile8/2>
<Tile8/3><X>8</X><Y>3</Y><Z>13</Z><Z2>0</Z2><Tx>Grass</Tx><Ty>Walkable</Ty><Dc>None</Dc><DZ>0</DZ></Tile8/3>
<Tile8/4><X>8</X><Y>4</Y><Z>13</Z><Z2>0</Z2><Tx>Grass</Tx><Ty>Walkable</Ty><Dc>None</Dc><DZ>0</DZ></Tile8/4>
<Tile8/5><X>8</X><Y>5</Y><Z>12</Z><Z2>0</Z2><Tx>Sand</Tx><Ty>Walkable</Ty><Dc>None</Dc><DZ>0</DZ></Tile8/5>
<Tile8/6><X>8</X><Y>6</Y><Z>10</Z><Z2>0</Z2><Tx>Grass</Tx><Ty>Walkable</Ty><Dc>None</Dc><DZ>0</DZ></Tile8/6>
<Tile8/7><X>8</X><Y>7</Y><Z>10</Z><Z2>0</Z2><Tx>Grass</Tx><Ty>Walkable</Ty><Dc>None</Dc><DZ>0</DZ></Tile8/7>
<Tile8/8><X>8</X><Y>8</Y><Z>10</Z><Z2>0</Z2><Tx>Grass</Tx><Ty>Walkable</Ty><Dc>None</Dc><DZ>0</DZ></Tile8/8>
<Tile8/9><X>8</X><Y>9</Y><Z>10</Z><Z2>0</Z2><Tx>Grass</Tx><Ty>Walkable</Ty><Dc>None</Dc><DZ>0</DZ></Tile8/9>
<Tile9/0><X>9</X><Y>0</Y><Z>10</Z><Z2>0</Z2><Tx>Grass</Tx><Ty>Walkable</Ty><Dc>None</Dc><DZ>0</DZ></Tile9/0>
<Tile9/1><X>9</X><Y>1</Y><Z>12</Z><Z2>0</Z2><Tx>Sand</Tx><Ty>Walkable</Ty><Dc>None</Dc><DZ>0</DZ></Tile9/1>
<Tile9/2><X>9</X><Y>2</Y><Z>12</Z><Z2>0</Z2><Tx>Sand</Tx><Ty>Walkable</Ty><Dc>None</Dc><DZ>0</DZ></Tile9/2>
<Tile9/3><X>9</X><Y>3</Y><Z>12</Z><Z2>0</Z2><Tx>Sand</Tx><Ty>Walkable</Ty><Dc>None</Dc><DZ>0</DZ></Tile9/3>
<Tile9/4><X>9</X><Y>4</Y><Z>12</Z><Z2>0</Z2><Tx>Sand</Tx><Ty>Walkable</Ty><Dc>None</Dc><DZ>0</DZ></Tile9/4>
<Tile9/5><X>9</X><Y>5</Y><Z>12</Z><Z2>0</Z2><Tx>Sand</Tx><Ty>Walkable</Ty><Dc>None</Dc><DZ>0</DZ></Tile9/5>
<Tile9/6><X>9</X><Y>6</Y><Z>10</Z><Z2>0</Z2><Tx>Grass</Tx><Ty>Walkable</Ty><Dc>None</Dc><DZ>0</DZ></Tile9/6>
<Tile9/7><X>9</X><Y>7</Y><Z>10</Z><Z2>0</Z2><Tx>Grass</Tx><Ty>Walkable</Ty><Dc>None</Dc><DZ>0</DZ></Tile9/7>
<Tile9/8><X>9</X><Y>8</Y><Z>10</Z><Z2>0</Z2><Tx>Grass</Tx><Ty>Walkable</Ty><Dc>None</Dc><DZ>0</DZ></Tile9/8>
<Tile9/9><X>9</X><Y>9</Y><Z>10</Z><Z2>0</Z2><Tx>Grass</Tx><Ty>Walkable</Ty><Dc>None</Dc><DZ>0</DZ></Tile9/9>
<Tile10/0><X>10</X><Y>0</Y><Z>10</Z><Z2>0</Z2><Tx>Grass</Tx><Ty>Walkable</Ty><Dc>None</Dc><DZ>0</DZ></Tile10/0>
<Tile10/1><X>10</X><Y>1</Y><Z>10</Z><Z2>0</Z2><Tx>Grass</Tx><Ty>Walkable</Ty><Dc>None</Dc><DZ>0</DZ></Tile10/1>
<Tile10/2><X>10</X><Y>2</Y><Z>10</Z><Z2>0</Z2><Tx>Grass</Tx><Ty>Walkable</Ty><Dc>None</Dc><DZ>0</DZ></Tile10/2>
<Tile10/3><X>10</X><Y>3</Y><Z>10</Z><Z2>0</Z2><Tx>Grass</Tx><Ty>Walkable</Ty><Dc>None</Dc><DZ>0</DZ></Tile10/3>
<Tile10/4><X>10</X><Y>4</Y><Z>10</Z><Z2>0</Z2><Tx>Grass</Tx><Ty>Walkable</Ty><Dc>None</Dc><DZ>0</DZ></Tile10/4>
<Tile10/5><X>10</X><Y>5</Y><Z>10</Z><Z2>0</Z2><Tx>Grass</Tx><Ty>Walkable</Ty><Dc>None</Dc><DZ>0</DZ></Tile10/5>
<Tile10/6><X>10</X><Y>6</Y><Z>10</Z><Z2>0</Z2><Tx>Grass</Tx><Ty>Walkable</Ty><Dc>None</Dc><DZ>0</DZ></Tile10/6>
<Tile10/7><X>10</X><Y>7</Y><Z>10</Z><Z2>0</Z2><Tx>Grass</Tx><Ty>Walkable</Ty><Dc>None</Dc><DZ>0</DZ></Tile10/7>
<Tile10/8><X>10</X><Y>8</Y><Z>10</Z><Z2>0</Z2><Tx>Grass</Tx><Ty>Walkable</Ty><Dc>None</Dc><DZ>0</DZ></Tile10/8>
<Tile10/9><X>10</X><Y>9</Y><Z>10</Z><Z2>0</Z2><Tx>Grass</Tx><Ty>Walkable</Ty><Dc>None</Dc><DZ>0</DZ></Tile10/9>
<Tile11/0><X>11</X><Y>0</Y><Z>10</Z><Z2>0</Z2><Tx>Grass</Tx><Ty>Walkable</Ty><Dc>None</Dc><DZ>0</DZ></Tile11/0>
<Tile11/1><X>11</X><Y>1</Y><Z>14</Z><Z2>0</Z2><Tx>Stone</Tx><Ty>Walkable</Ty><Dc>None</Dc><DZ>0</DZ></Tile11/1>
<Tile11/2><X>11</X><Y>2</Y><Z>14</Z><Z2>0</Z2><Tx>Stone</Tx><Ty>Walkable</Ty><Dc>None</Dc><DZ>0</DZ></Tile11/2>
<Tile11/3><X>11</X><Y>3</Y><Z>14</Z><Z2>0</Z2><Tx>Stone</Tx><Ty>Walkable</Ty><Dc>None</Dc><DZ>0</DZ></Tile11/3>
<Tile11/4><X>11</X><Y>4</Y><Z>14</Z><Z2>0</Z2><Tx>Stone</Tx><Ty>Walkable</Ty><Dc>None</Dc><DZ>0</DZ></Tile11/4>
<Tile11/5><X>11</X><Y>5</Y><Z>14</Z><Z2>0</Z2><Tx>Stone</Tx><Ty>Walkable</Ty><Dc>None</Dc><DZ>0</DZ></Tile11/5>
<Tile11/6><X>11</X><Y>6</Y><Z>14</Z><Z2>0</Z2><Tx>Stone</Tx><Ty>Walkable</Ty><Dc>None</Dc><DZ>0</DZ></Tile11/6>
<Tile11/7><X>11</X><Y>7</Y><Z>14</Z><Z2>0</Z2><Tx>Stone</Tx><Ty>Walkable</Ty><Dc>None</Dc><DZ>0</DZ></Tile11/7>
<Tile11/8><X>11</X><Y>8</Y><Z>10</Z><Z2>0</Z2><Tx>Grass</Tx><Ty>Walkable</Ty><Dc>None</Dc><DZ>0</DZ></Tile11/8>
<Tile11/9><X>11</X><Y>9</Y><Z>10</Z><Z2>0</Z2><Tx>Grass</Tx><Ty>Walkable</Ty><Dc>None</Dc><DZ>0</DZ></Tile11/9>
<Tile12/0><X>12</X><Y>0</Y><Z>10</Z><Z2>0</Z2><Tx>Grass</Tx><Ty>Walkable</Ty><Dc>None</Dc><DZ>0</DZ></Tile12/0>
<Tile12/1><X>12</X><Y>1</Y><Z>14</Z><Z2>0</Z2><Tx>Stone</Tx><Ty>Walkable</Ty><Dc>None</Dc><DZ>0</DZ></Tile12/1>
<Tile12/2><X>12</X><Y>2</Y><Z>10</Z><Z2>0</Z2><Tx>Grass</Tx><Ty>Walkable</Ty><Dc>None</Dc><DZ>0</DZ></Tile12/2>
<Tile12/3><X>12</X><Y>3</Y><Z>10</Z><Z2>0</Z2><Tx>Grass</Tx><Ty>Walkable</Ty><Dc>None</Dc><DZ>0</DZ></Tile12/3>
<Tile12/4><X>12</X><Y>4</Y><Z>10</Z><Z2>0</Z2><Tx>Grass</Tx><Ty>Walkable</Ty><Dc>None</Dc><DZ>0</DZ></Tile12/4>
<Tile12/5><X>12</X><Y>5</Y><Z>10</Z><Z2>0</Z2><Tx>Grass</Tx><Ty>Walkable</Ty><Dc>None</Dc><DZ>0</DZ></Tile12/5>
<Tile12/6><X>12</X><Y>6</Y><Z>10</Z><Z2>0</Z2><Tx>Grass</Tx><Ty>Walkable</Ty><Dc>None</Dc><DZ>0</DZ></Tile12/6>
<Tile12/7><X>12</X><Y>7</Y><Z>10</Z><Z2>0</Z2><Tx>Grass</Tx><Ty>Walkable</Ty><Dc>None</Dc><DZ>0</DZ></Tile12/7>
<Tile12/8><X>12</X><Y>8</Y><Z>10</Z><Z2>0</Z2><Tx>Grass</Tx><Ty>Walkable</Ty><Dc>None</Dc><DZ>0</DZ></Tile12/8>
<Tile12/9><X>12</X><Y>9</Y><Z>10</Z><Z2>0</Z2><Tx>Grass</Tx><Ty>Walkable</Ty><Dc>None</Dc><DZ>0</DZ></Tile12/9>
<Tile13/0><X>13</X><Y>0</Y><Z>10</Z><Z2>0</Z2><Tx>Grass</Tx><Ty>Walkable</Ty><Dc>None</Dc><DZ>0</DZ></Tile13/0>
<Tile13/1><X>13</X><Y>1</Y><Z>13</Z><Z2>0</Z2><Tx>Stone</Tx><Ty>Walkable</Ty><Dc>None</Dc><DZ>0</DZ></Tile13/1>
<Tile13/2><X>13</X><Y>2</Y><Z>10</Z><Z2>0</Z2><Tx>Grass</Tx><Ty>Walkable</Ty><Dc>None</Dc><DZ>0</DZ></Tile13/2>
<Tile13/3><X>13</X><Y>3</Y><Z>10</Z><Z2>0</Z2><Tx>Grass</Tx><Ty>Walkable</Ty><Dc>None</Dc><DZ>0</DZ></Tile13/3>
<Tile13/4><X>13</X><Y>4</Y><Z>10</Z><Z2>0</Z2><Tx>Grass</Tx><Ty>Walkable</Ty><Dc>None</Dc><DZ>0</DZ></Tile13/4>
<Tile13/5><X>13</X><Y>5</Y><Z>10</Z><Z2>0</Z2><Tx>Grass</Tx><Ty>Walkable</Ty><Dc>None</Dc><DZ>0</DZ></Tile13/5>
<Tile13/6><X>13</X><Y>6</Y><Z>10</Z><Z2>0</Z2><Tx>Grass</Tx><Ty>Walkable</Ty><Dc>None</Dc><DZ>0</DZ></Tile13/6>
<Tile13/7><X>13</X><Y>7</Y><Z>10</Z><Z2>0</Z2><Tx>Grass</Tx><Ty>Walkable</Ty><Dc>None</Dc><DZ>0</DZ></Tile13/7>
<Tile13/8><X>13</X><Y>8</Y><Z>10</Z><Z2>0</Z2><Tx>Grass</Tx><Ty>Walkable</Ty><Dc>None</Dc><DZ>0</DZ></Tile13/8>
<Tile13/9><X>13</X><Y>9</Y><Z>10</Z><Z2>0</Z2><Tx>Grass</Tx><Ty>Walkable</Ty><Dc>None</Dc><DZ>0</DZ></Tile13/9>
<Tile14/0><X>14</X><Y>0</Y><Z>10</Z><Z2>0</Z2><Tx>Grass</Tx><Ty>Walkable</Ty><Dc>None</Dc><DZ>0</DZ></Tile14/0>
<Tile14/1><X>14</X><Y>1</Y><Z>14</Z><Z2>0</Z2><Tx>Stone</Tx><Ty>Walkable</Ty><Dc>None</Dc><DZ>0</DZ></Tile14/1>
<Tile14/2><X>14</X><Y>2</Y><Z>10</Z><Z2>0</Z2><Tx>Grass</Tx><Ty>Walkable</Ty><Dc>None</Dc><DZ>0</DZ></Tile14/2>
<Tile14/3><X>14</X><Y>3</Y><Z>10</Z><Z2>0</Z2><Tx>Grass</Tx><Ty>Walkable</Ty><Dc>None</Dc><DZ>0</DZ></Tile14/3>
<Tile14/4><X>14</X><Y>4</Y><Z>10</Z><Z2>0</Z2><Tx>Grass</Tx><Ty>Walkable</Ty><Dc>None</Dc><DZ>0</DZ></Tile14/4>
<Tile14/5><X>14</X><Y>5</Y><Z>10</Z><Z2>0</Z2><Tx>Grass</Tx><Ty>Walkable</Ty><Dc>None</Dc><DZ>0</DZ></Tile14/5>
<Tile14/6><X>14</X><Y>6</Y><Z>10</Z><Z2>0</Z2><Tx>Grass</Tx><Ty>Walkable</Ty><Dc>None</Dc><DZ>0</DZ></Tile14/6>
<Tile14/7><X>14</X><Y>7</Y><Z>10</Z><Z2>0</Z2><Tx>Grass</Tx><Ty>Walkable</Ty><Dc>None</Dc><DZ>0</DZ></Tile14/7>
<Tile14/8><X>14</X><Y>8</Y><Z>10</Z><Z2>0</Z2><Tx>Grass</Tx><Ty>Walkable</Ty><Dc>None</Dc><DZ>0</DZ></Tile14/8>
<Tile14/9><X>14</X><Y>9</Y><Z>10</Z><Z2>0</Z2><Tx>Grass</Tx><Ty>Walkable</Ty><Dc>None</Dc><DZ>0</DZ></Tile14/9>
</Map>