<Map>
<L>10</L><W>10</W><N>TestDeployement</N>
<Tile0/0><X>0</X><Y>0</Y><Z>10</Z><Tx>Grass</Tx><Ty>Walkable</Ty><Dc>None</Dc><DZ>2</DZ></Tile0/0>
<Tile0/1><X>0</X><Y>1</Y><Z>10</Z><Tx>Grass</Tx><Ty>Walkable</Ty><Dc>None</Dc><DZ>2</DZ></Tile0/1>
<Tile0/2><X>0</X><Y>2</Y><Z>10</Z><Tx>Grass</Tx><Ty>Walkable</Ty><Dc>None</Dc><DZ>2</DZ></Tile0/2>
<Tile0/3><X>0</X><Y>3</Y><Z>10</Z><Tx>Grass</Tx><Ty>Walkable</Ty><Dc>None</Dc><DZ>2</DZ></Tile0/3>
<Tile0/4><X>0</X><Y>4</Y><Z>10</Z><Tx>Grass</Tx><Ty>Walkable</Ty><Dc>None</Dc><DZ>2</DZ></Tile0/4>
<Tile0/5><X>0</X><Y>5</Y><Z>10</Z><Tx>Grass</Tx><Ty>Walkable</Ty><Dc>None</Dc><DZ>2</DZ></Tile0/5>
<Tile0/6><X>0</X><Y>6</Y><Z>10</Z><Tx>Grass</Tx><Ty>Walkable</Ty><Dc>None</Dc><DZ>2</DZ></Tile0/6>
<Tile0/7><X>0</X><Y>7</Y><Z>10</Z><Tx>Grass</Tx><Ty>Walkable</Ty><Dc>None</Dc><DZ>2</DZ></Tile0/7>
<Tile0/8><X>0</X><Y>8</Y><Z>10</Z><Tx>Grass</Tx><Ty>Walkable</Ty><Dc>None</Dc><DZ>2</DZ></Tile0/8>
<Tile0/9><X>0</X><Y>9</Y><Z>10</Z><Tx>Grass</Tx><Ty>Walkable</Ty><Dc>None</Dc><DZ>2</DZ></Tile0/9>
<Tile1/0><X>1</X><Y>0</Y><Z>10</Z><Tx>Grass</Tx><Ty>Walkable</Ty><Dc>None</Dc><DZ>2</DZ></Tile1/0>
<Tile1/1><X>1</X><Y>1</Y><Z>10</Z><Tx>Grass</Tx><Ty>Walkable</Ty><Dc>None</Dc><DZ>2</DZ></Tile1/1>
<Tile1/2><X>1</X><Y>2</Y><Z>10</Z><Tx>Grass</Tx><Ty>Walkable</Ty><Dc>None</Dc><DZ>2</DZ></Tile1/2>
<Tile1/3><X>1</X><Y>3</Y><Z>10</Z><Tx>Grass</Tx><Ty>Walkable</Ty><Dc>None</Dc><DZ>2</DZ></Tile1/3>
<Tile1/4><X>1</X><Y>4</Y><Z>10</Z><Tx>Grass</Tx><Ty>Walkable</Ty><Dc>None</Dc><DZ>2</DZ></Tile1/4>
<Tile1/5><X>1</X><Y>5</Y><Z>10</Z><Tx>Grass</Tx><Ty>Walkable</Ty><Dc>None</Dc><DZ>2</DZ></Tile1/5>
<Tile1/6><X>1</X><Y>6</Y><Z>10</Z><Tx>Grass</Tx><Ty>Walkable</Ty><Dc>None</Dc><DZ>2</DZ></Tile1/6>
<Tile1/7><X>1</X><Y>7</Y><Z>10</Z><Tx>Grass</Tx><Ty>Walkable</Ty><Dc>None</Dc><DZ>2</DZ></Tile1/7>
<Tile1/8><X>1</X><Y>8</Y><Z>10</Z><Tx>Grass</Tx><Ty>Walkable</Ty><Dc>None</Dc><DZ>2</DZ></Tile1/8>
<Tile1/9><X>1</X><Y>9</Y><Z>10</Z><Tx>Grass</Tx><Ty>Walkable</Ty><Dc>None</Dc><DZ>2</DZ></Tile1/9>
<Tile2/0><X>2</X><Y>0</Y><Z>10</Z><Tx>Grass</Tx><Ty>Walkable</Ty><Dc>None</Dc><DZ>0</DZ></Tile2/0>
<Tile2/1><X>2</X><Y>1</Y><Z>10</Z><Tx>Grass</Tx><Ty>Walkable</Ty><Dc>None</Dc><DZ>0</DZ></Tile2/1>
<Tile2/2><X>2</X><Y>2</Y><Z>10</Z><Tx>Grass</Tx><Ty>Walkable</Ty><Dc>None</Dc><DZ>0</DZ></Tile2/2>
<Tile2/3><X>2</X><Y>3</Y><Z>10</Z><Tx>Grass</Tx><Ty>Walkable</Ty><Dc>None</Dc><DZ>0</DZ></Tile2/3>
<Tile2/4><X>2</X><Y>4</Y><Z>10</Z><Tx>Grass</Tx><Ty>Walkable</Ty><Dc>None</Dc><DZ>0</DZ></Tile2/4>
<Tile2/5><X>2</X><Y>5</Y><Z>10</Z><Tx>Grass</Tx><Ty>Walkable</Ty><Dc>None</Dc><DZ>0</DZ></Tile2/5>
<Tile2/6><X>2</X><Y>6</Y><Z>10</Z><Tx>Grass</Tx><Ty>Walkable</Ty><Dc>None</Dc><DZ>0</DZ></Tile2/6>
<Tile2/7><X>2</X><Y>7</Y><Z>10</Z><Tx>Grass</Tx><Ty>Walkable</Ty><Dc>None</Dc><DZ>0</DZ></Tile2/7>
<Tile2/8><X>2</X><Y>8</Y><Z>10</Z><Tx>Grass</Tx><Ty>Walkable</Ty><Dc>None</Dc><DZ>0</DZ></Tile2/8>
<Tile2/9><X>2</X><Y>9</Y><Z>10</Z><Tx>Grass</Tx><Ty>Walkable</Ty><Dc>None</Dc><DZ>0</DZ></Tile2/9>
<Tile3/0><X>3</X><Y>0</Y><Z>10</Z><Tx>Grass</Tx><Ty>Walkable</Ty><Dc>None</Dc><DZ>0</DZ></Tile3/0>
<Tile3/1><X>3</X><Y>1</Y><Z>10</Z><Tx>Grass</Tx><Ty>Walkable</Ty><Dc>None</Dc><DZ>0</DZ></Tile3/1>
<Tile3/2><X>3</X><Y>2</Y><Z>10</Z><Tx>Grass</Tx><Ty>Walkable</Ty><Dc>None</Dc><DZ>0</DZ></Tile3/2>
<Tile3/3><X>3</X><Y>3</Y><Z>10</Z><Tx>Grass</Tx><Ty>Walkable</Ty><Dc>None</Dc><DZ>0</DZ></Tile3/3>
<Tile3/4><X>3</X><Y>4</Y><Z>10</Z><Tx>Grass</Tx><Ty>Walkable</Ty><Dc>None</Dc><DZ>0</DZ></Tile3/4>
<Tile3/5><X>3</X><Y>5</Y><Z>10</Z><Tx>Grass</Tx><Ty>Walkable</Ty><Dc>None</Dc><DZ>0</DZ></Tile3/5>
<Tile3/6><X>3</X><Y>6</Y><Z>10</Z><Tx>Grass</Tx><Ty>Walkable</Ty><Dc>None</Dc><DZ>0</DZ></Tile3/6>
<Tile3/7><X>3</X><Y>7</Y><Z>10</Z><Tx>Grass</Tx><Ty>Walkable</Ty><Dc>None</Dc><DZ>0</DZ></Tile3/7>
<Tile3/8><X>3</X><Y>8</Y><Z>10</Z><Tx>Grass</Tx><Ty>Walkable</Ty><Dc>None</Dc><DZ>0</DZ></Tile3/8>
<Tile3/9><X>3</X><Y>9</Y><Z>10</Z><Tx>Grass</Tx><Ty>Walkable</Ty><Dc>None</Dc><DZ>0</DZ></Tile3/9>
<Tile4/0><X>4</X><Y>0</Y><Z>10</Z><Tx>Grass</Tx><Ty>Walkable</Ty><Dc>None</Dc><DZ>0</DZ></Tile4/0>
<Tile4/1><X>4</X><Y>1</Y><Z>10</Z><Tx>Grass</Tx><Ty>Walkable</Ty><Dc>None</Dc><DZ>0</DZ></Tile4/1>
<Tile4/2><X>4</X><Y>2</Y><Z>10</Z><Tx>Grass</Tx><Ty>Walkable</Ty><Dc>None</Dc><DZ>0</DZ></Tile4/2>
<Tile4/3><X>4</X><Y>3</Y><Z>10</Z><Tx>Grass</Tx><Ty>Walkable</Ty><Dc>None</Dc><DZ>0</DZ></Tile4/3>
<Tile4/4><X>4</X><Y>4</Y><Z>10</Z><Tx>Grass</Tx><Ty>Walkable</Ty><Dc>None</Dc><DZ>0</DZ></Tile4/4>
<Tile4/5><X>4</X><Y>5</Y><Z>10</Z><Tx>Grass</Tx><Ty>Walkable</Ty><Dc>None</Dc><DZ>0</DZ></Tile4/5>
<Tile4/6><X>4</X><Y>6</Y><Z>10</Z><Tx>Grass</Tx><Ty>Walkable</Ty><Dc>None</Dc><DZ>0</DZ></Tile4/6>
<Tile4/7><X>4</X><Y>7</Y><Z>10</Z><Tx>Grass</Tx><Ty>Walkable</Ty><Dc>None</Dc><DZ>0</DZ></Tile4/7>
<Tile4/8><X>4</X><Y>8</Y><Z>10</Z><Tx>Grass</Tx><Ty>Walkable</Ty><Dc>None</Dc><DZ>0</DZ></Tile4/8>
<Tile4/9><X>4</X><Y>9</Y><Z>10</Z><Tx>Grass</Tx><Ty>Walkable</Ty><Dc>None</Dc><DZ>0</DZ></Tile4/9>
<Tile5/0><X>5</X><Y>0</Y><Z>10</Z><Tx>Grass</Tx><Ty>Walkable</Ty><Dc>None</Dc><DZ>0</DZ></Tile5/0>
<Tile5/1><X>5</X><Y>1</Y><Z>10</Z><Tx>Grass</Tx><Ty>Walkable</Ty><Dc>None</Dc><DZ>0</DZ></Tile5/1>
<Tile5/2><X>5</X><Y>2</Y><Z>10</Z><Tx>Grass</Tx><Ty>Walkable</Ty><Dc>None</Dc><DZ>0</DZ></Tile5/2>
<Tile5/3><X>5</X><Y>3</Y><Z>10</Z><Tx>Grass</Tx><Ty>Walkable</Ty><Dc>None</Dc><DZ>0</DZ></Tile5/3>
<Tile5/4><X>5</X><Y>4</Y><Z>10</Z><Tx>Grass</Tx><Ty>Walkable</Ty><Dc>None</Dc><DZ>0</DZ></Tile5/4>
<Tile5/5><X>5</X><Y>5</Y><Z>10</Z><Tx>Grass</Tx><Ty>Walkable</Ty><Dc>None</Dc><DZ>0</DZ></Tile5/5>
<Tile5/6><X>5</X><Y>6</Y><Z>10</Z><Tx>Grass</Tx><Ty>Walkable</Ty><Dc>None</Dc><DZ>0</DZ></Tile5/6>
<Tile5/7><X>5</X><Y>7</Y><Z>10</Z><Tx>Grass</Tx><Ty>Walkable</Ty><Dc>None</Dc><DZ>0</DZ></Tile5/7>
<Tile5/8><X>5</X><Y>8</Y><Z>10</Z><Tx>Grass</Tx><Ty>Walkable</Ty><Dc>None</Dc><DZ>0</DZ></Tile5/8>
<Tile5/9><X>5</X><Y>9</Y><Z>10</Z><Tx>Grass</Tx><Ty>Walkable</Ty><Dc>None</Dc><DZ>0</DZ></Tile5/9>
<Tile6/0><X>6</X><Y>0</Y><Z>10</Z><Tx>Grass</Tx><Ty>Walkable</Ty><Dc>None</Dc><DZ>0</DZ></Tile6/0>
<Tile6/1><X>6</X><Y>1</Y><Z>10</Z><Tx>Grass</Tx><Ty>Walkable</Ty><Dc>None</Dc><DZ>0</DZ></Tile6/1>
<Tile6/2><X>6</X><Y>2</Y><Z>10</Z><Tx>Grass</Tx><Ty>Walkable</Ty><Dc>None</Dc><DZ>0</DZ></Tile6/2>
<Tile6/3><X>6</X><Y>3</Y><Z>10</Z><Tx>Grass</Tx><Ty>Walkable</Ty><Dc>None</Dc><DZ>0</DZ></Tile6/3>
<Tile6/4><X>6</X><Y>4</Y><Z>10</Z><Tx>Grass</Tx><Ty>Walkable</Ty><Dc>None</Dc><DZ>0</DZ></Tile6/4>
<Tile6/5><X>6</X><Y>5</Y><Z>10</Z><Tx>Grass</Tx><Ty>Walkable</Ty><Dc>None</Dc><DZ>0</DZ></Tile6/5>
<Tile6/6><X>6</X><Y>6</Y><Z>10</Z><Tx>Grass</Tx><Ty>Walkable</Ty><Dc>None</Dc><DZ>0</DZ></Tile6/6>
<Tile6/7><X>6</X><Y>7</Y><Z>10</Z><Tx>Grass</Tx><Ty>Walkable</Ty><Dc>None</Dc><DZ>0</DZ></Tile6/7>
<Tile6/8><X>6</X><Y>8</Y><Z>10</Z><Tx>Grass</Tx><Ty>Walkable</Ty><Dc>None</Dc><DZ>0</DZ></Tile6/8>
<Tile6/9><X>6</X><Y>9</Y><Z>10</Z><Tx>Grass</Tx><Ty>Walkable</Ty><Dc>None</Dc><DZ>0</DZ></Tile6/9>
<Tile7/0><X>7</X><Y>0</Y><Z>10</Z><Tx>Grass</Tx><Ty>Walkable</Ty><Dc>None</Dc><DZ>0</DZ></Tile7/0>
<Tile7/1><X>7</X><Y>1</Y><Z>10</Z><Tx>Grass</Tx><Ty>Walkable</Ty><Dc>None</Dc><DZ>0</DZ></Tile7/1>
<Tile7/2><X>7</X><Y>2</Y><Z>10</Z><Tx>Grass</Tx><Ty>Walkable</Ty><Dc>None</Dc><DZ>0</DZ></Tile7/2>
<Tile7/3><X>7</X><Y>3</Y><Z>10</Z><Tx>Grass</Tx><Ty>Walkable</Ty><Dc>None</Dc><DZ>0</DZ></Tile7/3>
<Tile7/4><X>7</X><Y>4</Y><Z>10</Z><Tx>Grass</Tx><Ty>Walkable</Ty><Dc>None</Dc><DZ>0</DZ></Tile7/4>
<Tile7/5><X>7</X><Y>5</Y><Z>10</Z><Tx>Grass</Tx><Ty>Walkable</Ty><Dc>None</Dc><DZ>0</DZ></Tile7/5>
<Tile7/6><X>7</X><Y>6</Y><Z>10</Z><Tx>Grass</Tx><Ty>Walkable</Ty><Dc>None</Dc><DZ>0</DZ></Tile7/6>
<Tile7/7><X>7</X><Y>7</Y><Z>10</Z><Tx>Grass</Tx><Ty>Walkable</Ty><Dc>None</Dc><DZ>0</DZ></Tile7/7>
<Tile7/8><X>7</X><Y>8</Y><Z>10</Z><Tx>Grass</Tx><Ty>Walkable</Ty><Dc>None</Dc><DZ>0</DZ></Tile7/8>
<Tile7/9><X>7</X><Y>9</Y><Z>10</Z><Tx>Grass</Tx><Ty>Walkable</Ty><Dc>None</Dc><DZ>0</DZ></Tile7/9>
<Tile8/0><X>8</X><Y>0</Y><Z>10</Z><Tx>Grass</Tx><Ty>Walkable</Ty><Dc>None</Dc><DZ>1</DZ></Tile8/0>
<Tile8/1><X>8</X><Y>1</Y><Z>10</Z><Tx>Grass</Tx><Ty>Walkable</Ty><Dc>None</Dc><DZ>1</DZ></Tile8/1>
<Tile8/2><X>8</X><Y>2</Y><Z>10</Z><Tx>Grass</Tx><Ty>Walkable</Ty><Dc>None</Dc><DZ>1</DZ></Tile8/2>
<Tile8/3><X>8</X><Y>3</Y><Z>10</Z><Tx>Grass</Tx><Ty>Walkable</Ty><Dc>None</Dc><DZ>1</DZ></Tile8/3>
<Tile8/4><X>8</X><Y>4</Y><Z>10</Z><Tx>Grass</Tx><Ty>Walkable</Ty><Dc>None</Dc><DZ>1</DZ></Tile8/4>
<Tile8/5><X>8</X><Y>5</Y><Z>10</Z><Tx>Grass</Tx><Ty>Walkable</Ty><Dc>None</Dc><DZ>1</DZ></Tile8/5>
<Tile8/6><X>8</X><Y>6</Y><Z>10</Z><Tx>Grass</Tx><Ty>Walkable</Ty><Dc>None</Dc><DZ>1</DZ></Tile8/6>
<Tile8/7><X>8</X><Y>7</Y><Z>10</Z><Tx>Grass</Tx><Ty>Walkable</Ty><Dc>None</Dc><DZ>1</DZ></Tile8/7>
<Tile8/8><X>8</X><Y>8</Y><Z>10</Z><Tx>Grass</Tx><Ty>Walkable</Ty><Dc>None</Dc><DZ>1</DZ></Tile8/8>
<Tile8/9><X>8</X><Y>9</Y><Z>10</Z><Tx>Grass</Tx><Ty>Walkable</Ty><Dc>None</Dc><DZ>1</DZ></Tile8/9>
<Tile9/0><X>9</X><Y>0</Y><Z>10</Z><Tx>Grass</Tx><Ty>Walkable</Ty><Dc>None</Dc><DZ>1</DZ></Tile9/0>
<Tile9/1><X>9</X><Y>1</Y><Z>10</Z><Tx>Grass</Tx><Ty>Walkable</Ty><Dc>None</Dc><DZ>1</DZ></Tile9/1>
<Tile9/2><X>9</X><Y>2</Y><Z>10</Z><Tx>Grass</Tx><Ty>Walkable</Ty><Dc>None</Dc><DZ>1</DZ></Tile9/2>
<Tile9/3><X>9</X><Y>3</Y><Z>10</Z><Tx>Grass</Tx><Ty>Walkable</Ty><Dc>None</Dc><DZ>1</DZ></Tile9/3>
<Tile9/4><X>9</X><Y>4</Y><Z>10</Z><Tx>Grass</Tx><Ty>Walkable</Ty><Dc>None</Dc><DZ>1</DZ></Tile9/4>
<Tile9/5><X>9</X><Y>5</Y><Z>10</Z><Tx>Grass</Tx><Ty>Walkable</Ty><Dc>None</Dc><DZ>1</DZ></Tile9/5>
<Tile9/6><X>9</X><Y>6</Y><Z>10</Z><Tx>Grass</Tx><Ty>Walkable</Ty><Dc>None</Dc><DZ>1</DZ></Tile9/6>
<Tile9/7><X>9</X><Y>7</Y><Z>10</Z><Tx>Grass</Tx><Ty>Walkable</Ty><Dc>None</Dc><DZ>1</DZ></Tile9/7>
<Tile9/8><X>9</X><Y>8</Y><Z>10</Z><Tx>Grass</Tx><Ty>Walkable</Ty><Dc>None</Dc><DZ>1</DZ></Tile9/8>
<Tile9/9><X>9</X><Y>9</Y><Z>10</Z><Tx>Grass</Tx><Ty>Walkable</Ty><Dc>None</Dc><DZ>1</DZ></Tile9/9>
</Map>